Archive member included to satisfy reference by file (symbol)

c:/st/stm32cubeide_1.11.2/stm32cubeide/plugins/com.st.stm32cube.ide.mcu.externaltools.gnu-tools-for-stm32.10.3-2021.10.win32_1.0.100.202210260954/tools/bin/../lib/gcc/arm-none-eabi/10.3.1/../../../../arm-none-eabi/lib/thumb/v7e-m+fp/hard\libc_nano.a(lib_a-errno.o)
                              ./Core/Src/syscalls.o (__errno)
c:/st/stm32cubeide_1.11.2/stm32cubeide/plugins/com.st.stm32cube.ide.mcu.externaltools.gnu-tools-for-stm32.10.3-2021.10.win32_1.0.100.202210260954/tools/bin/../lib/gcc/arm-none-eabi/10.3.1/../../../../arm-none-eabi/lib/thumb/v7e-m+fp/hard\libc_nano.a(lib_a-exit.o)
                              c:/st/stm32cubeide_1.11.2/stm32cubeide/plugins/com.st.stm32cube.ide.mcu.externaltools.gnu-tools-for-stm32.10.3-2021.10.win32_1.0.100.202210260954/tools/bin/../lib/gcc/arm-none-eabi/10.3.1/../../../../arm-none-eabi/lib/thumb/v7e-m+fp/hard/crt0.o (exit)
c:/st/stm32cubeide_1.11.2/stm32cubeide/plugins/com.st.stm32cube.ide.mcu.externaltools.gnu-tools-for-stm32.10.3-2021.10.win32_1.0.100.202210260954/tools/bin/../lib/gcc/arm-none-eabi/10.3.1/../../../../arm-none-eabi/lib/thumb/v7e-m+fp/hard\libc_nano.a(lib_a-impure.o)
                              c:/st/stm32cubeide_1.11.2/stm32cubeide/plugins/com.st.stm32cube.ide.mcu.externaltools.gnu-tools-for-stm32.10.3-2021.10.win32_1.0.100.202210260954/tools/bin/../lib/gcc/arm-none-eabi/10.3.1/../../../../arm-none-eabi/lib/thumb/v7e-m+fp/hard\libc_nano.a(lib_a-exit.o) (_global_impure_ptr)
c:/st/stm32cubeide_1.11.2/stm32cubeide/plugins/com.st.stm32cube.ide.mcu.externaltools.gnu-tools-for-stm32.10.3-2021.10.win32_1.0.100.202210260954/tools/bin/../lib/gcc/arm-none-eabi/10.3.1/../../../../arm-none-eabi/lib/thumb/v7e-m+fp/hard\libc_nano.a(lib_a-init.o)
                              c:/st/stm32cubeide_1.11.2/stm32cubeide/plugins/com.st.stm32cube.ide.mcu.externaltools.gnu-tools-for-stm32.10.3-2021.10.win32_1.0.100.202210260954/tools/bin/../lib/gcc/arm-none-eabi/10.3.1/../../../../arm-none-eabi/lib/thumb/v7e-m+fp/hard/crt0.o (__libc_init_array)
c:/st/stm32cubeide_1.11.2/stm32cubeide/plugins/com.st.stm32cube.ide.mcu.externaltools.gnu-tools-for-stm32.10.3-2021.10.win32_1.0.100.202210260954/tools/bin/../lib/gcc/arm-none-eabi/10.3.1/../../../../arm-none-eabi/lib/thumb/v7e-m+fp/hard\libc_nano.a(lib_a-memset.o)
                              c:/st/stm32cubeide_1.11.2/stm32cubeide/plugins/com.st.stm32cube.ide.mcu.externaltools.gnu-tools-for-stm32.10.3-2021.10.win32_1.0.100.202210260954/tools/bin/../lib/gcc/arm-none-eabi/10.3.1/../../../../arm-none-eabi/lib/thumb/v7e-m+fp/hard/crt0.o (memset)
c:/st/stm32cubeide_1.11.2/stm32cubeide/plugins/com.st.stm32cube.ide.mcu.externaltools.gnu-tools-for-stm32.10.3-2021.10.win32_1.0.100.202210260954/tools/bin/../lib/gcc/arm-none-eabi/10.3.1/thumb/v7e-m+fp/hard\libgcc.a(_aeabi_uldivmod.o)
                              ./Drivers/STM32F4xx_HAL_Driver/Src/stm32f4xx_hal_rcc.o (__aeabi_uldivmod)
c:/st/stm32cubeide_1.11.2/stm32cubeide/plugins/com.st.stm32cube.ide.mcu.externaltools.gnu-tools-for-stm32.10.3-2021.10.win32_1.0.100.202210260954/tools/bin/../lib/gcc/arm-none-eabi/10.3.1/thumb/v7e-m+fp/hard\libgcc.a(_udivmoddi4.o)
                              c:/st/stm32cubeide_1.11.2/stm32cubeide/plugins/com.st.stm32cube.ide.mcu.externaltools.gnu-tools-for-stm32.10.3-2021.10.win32_1.0.100.202210260954/tools/bin/../lib/gcc/arm-none-eabi/10.3.1/thumb/v7e-m+fp/hard\libgcc.a(_aeabi_uldivmod.o) (__udivmoddi4)
c:/st/stm32cubeide_1.11.2/stm32cubeide/plugins/com.st.stm32cube.ide.mcu.externaltools.gnu-tools-for-stm32.10.3-2021.10.win32_1.0.100.202210260954/tools/bin/../lib/gcc/arm-none-eabi/10.3.1/thumb/v7e-m+fp/hard\libgcc.a(_dvmd_tls.o)
                              c:/st/stm32cubeide_1.11.2/stm32cubeide/plugins/com.st.stm32cube.ide.mcu.externaltools.gnu-tools-for-stm32.10.3-2021.10.win32_1.0.100.202210260954/tools/bin/../lib/gcc/arm-none-eabi/10.3.1/thumb/v7e-m+fp/hard\libgcc.a(_aeabi_uldivmod.o) (__aeabi_ldiv0)

Discarded input sections

 .text          0x0000000000000000        0x0 c:/st/stm32cubeide_1.11.2/stm32cubeide/plugins/com.st.stm32cube.ide.mcu.externaltools.gnu-tools-for-stm32.10.3-2021.10.win32_1.0.100.202210260954/tools/bin/../lib/gcc/arm-none-eabi/10.3.1/thumb/v7e-m+fp/hard/crti.o
 .data          0x0000000000000000        0x0 c:/st/stm32cubeide_1.11.2/stm32cubeide/plugins/com.st.stm32cube.ide.mcu.externaltools.gnu-tools-for-stm32.10.3-2021.10.win32_1.0.100.202210260954/tools/bin/../lib/gcc/arm-none-eabi/10.3.1/thumb/v7e-m+fp/hard/crti.o
 .bss           0x0000000000000000        0x0 c:/st/stm32cubeide_1.11.2/stm32cubeide/plugins/com.st.stm32cube.ide.mcu.externaltools.gnu-tools-for-stm32.10.3-2021.10.win32_1.0.100.202210260954/tools/bin/../lib/gcc/arm-none-eabi/10.3.1/thumb/v7e-m+fp/hard/crti.o
[...]
Memory Configuration

Name             Origin             Length             Attributes
RAM              0x0000000020000000 0x0000000000018000 xrw
FLASH            0x0000000008000000 0x0000000000080000 xr
*default*        0x0000000000000000 0xffffffffffffffff

Linker script and memory map

LOAD c:/st/stm32cubeide_1.11.2/stm32cubeide/plugins/com.st.stm32cube.ide.mcu.externaltools.gnu-tools-for-stm32.10.3-2021.10.win32_1.0.100.202210260954/tools/bin/../lib/gcc/arm-none-eabi/10.3.1/thumb/v7e-m+fp/hard/crti.o
LOAD c:/st/stm32cubeide_1.11.2/stm32cubeide/plugins/com.st.stm32cube.ide.mcu.externaltools.gnu-tools-for-stm32.10.3-2021.10.win32_1.0.100.202210260954/tools/bin/../lib/gcc/arm-none-eabi/10.3.1/thumb/v7e-m+fp/hard/crtbegin.o
LOAD c:/st/stm32cubeide_1.11.2/stm32cubeide/plugins/com.st.stm32cube.ide.mcu.externaltools.gnu-tools-for-stm32.10.3-2021.10.win32_1.0.100.202210260954/tools/bin/../lib/gcc/arm-none-eabi/10.3.1/../../../../arm-none-eabi/lib/thumb/v7e-m+fp/hard/crt0.o
LOAD ./Core/Src/DY_HV20T.o
LOAD ./Core/Src/main.o
LOAD ./Core/Src/stm32f4xx_hal_msp.o
LOAD ./Core/Src/stm32f4xx_it.o
LOAD ./Core/Src/syscalls.o
LOAD ./Core/Src/sysmem.o
LOAD ./Core/Src/system_stm32f4xx.o
LOAD ./Core/Startup/startup_stm32f401retx.o
LOAD ./Drivers/STM32F4xx_HAL_Driver/Src/stm32f4xx_hal.o
LOAD ./Drivers/STM32F4xx_HAL_Driver/Src/stm32f4xx_hal_cortex.o
LOAD ./Drivers/STM32F4xx_HAL_Driver/Src/stm32f4xx_hal_dma.o
LOAD ./Drivers/STM32F4xx_HAL_Driver/Src/stm32f4xx_hal_dma_ex.o
LOAD ./Drivers/STM32F4xx_HAL_Driver/Src/stm32f4xx_hal_exti.o
LOAD ./Drivers/STM32F4xx_HAL_Driver/Src/stm32f4xx_hal_flash.o
LOAD ./Drivers/STM32F4xx_HAL_Driver/Src/stm32f4xx_hal_flash_ex.o
LOAD ./Drivers/STM32F4xx_HAL_Driver/Src/stm32f4xx_hal_flash_ramfunc.o
LOAD ./Drivers/STM32F4xx_HAL_Driver/Src/stm32f4xx_hal_gpio.o
LOAD ./Drivers/STM32F4xx_HAL_Driver/Src/stm32f4xx_hal_pwr.o
LOAD ./Drivers/STM32F4xx_HAL_Driver/Src/stm32f4xx_hal_pwr_ex.o
LOAD ./Drivers/STM32F4xx_HAL_Driver/Src/stm32f4xx_hal_rcc.o
LOAD ./Drivers/STM32F4xx_HAL_Driver/Src/stm32f4xx_hal_rcc_ex.o
LOAD ./Drivers/STM32F4xx_HAL_Driver/Src/stm32f4xx_hal_tim.o
LOAD ./Drivers/STM32F4xx_HAL_Driver/Src/stm32f4xx_hal_tim_ex.o
LOAD ./Drivers/STM32F4xx_HAL_Driver/Src/stm32f4xx_hal_uart.o
START GROUP
LOAD c:/st/stm32cubeide_1.11.2/stm32cubeide/plugins/com.st.stm32cube.ide.mcu.externaltools.gnu-tools-for-stm32.10.3-2021.10.win32_1.0.100.202210260954/tools/bin/../lib/gcc/arm-none-eabi/10.3.1/../../../../arm-none-eabi/lib/thumb/v7e-m+fp/hard\libc_nano.a
LOAD c:/st/stm32cubeide_1.11.2/stm32cubeide/plugins/com.st.stm32cube.ide.mcu.externaltools.gnu-tools-for-stm32.10.3-2021.10.win32_1.0.100.202210260954/tools/bin/../lib/gcc/arm-none-eabi/10.3.1/../../../../arm-none-eabi/lib/thumb/v7e-m+fp/hard\libm.a
END GROUP
START GROUP
LOAD c:/st/stm32cubeide_1.11.2/stm32cubeide/plugins/com.st.stm32cube.ide.mcu.externaltools.gnu-tools-for-stm32.10.3-2021.10.win32_1.0.100.202210260954/tools/bin/../lib/gcc/arm-none-eabi/10.3.1/thumb/v7e-m+fp/hard\libgcc.a
LOAD c:/st/stm32cubeide_1.11.2/stm32cubeide/plugins/com.st.stm32cube.ide.mcu.externaltools.gnu-tools-for-stm32.10.3-2021.10.win32_1.0.100.202210260954/tools/bin/../lib/gcc/arm-none-eabi/10.3.1/../../../../arm-none-eabi/lib/thumb/v7e-m+fp/hard\libc_nano.a
END GROUP
START GROUP
LOAD c:/st/stm32cubeide_1.11.2/stm32cubeide/plugins/com.st.stm32cube.ide.mcu.externaltools.gnu-tools-for-stm32.10.3-2021.10.win32_1.0.100.202210260954/tools/bin/../lib/gcc/arm-none-eabi/10.3.1/thumb/v7e-m+fp/hard\libgcc.a
LOAD c:/st/stm32cubeide_1.11.2/stm32cubeide/plugins/com.st.stm32cube.ide.mcu.externaltools.gnu-tools-for-stm32.10.3-2021.10.win32_1.0.100.202210260954/tools/bin/../lib/gcc/arm-none-eabi/10.3.1/../../../../arm-none-eabi/lib/thumb/v7e-m+fp/hard\libc_nano.a
LOAD c:/st/stm32cubeide_1.11.2/stm32cubeide/plugins/com.st.stm32cube.ide.mcu.externaltools.gnu-tools-for-stm32.10.3-2021.10.win32_1.0.100.202210260954/tools/bin/../lib/gcc/arm-none-eabi/10.3.1/../../../../arm-none-eabi/lib/thumb/v7e-m+fp/hard\libnosys.a
END GROUP
START GROUP
LOAD c:/st/stm32cubeide_1.11.2/stm32cubeide/plugins/com.st.stm32cube.ide.mcu.externaltools.gnu-tools-for-stm32.10.3-2021.10.win32_1.0.100.202210260954/tools/bin/../lib/gcc/arm-none-eabi/10.3.1/thumb/v7e-m+fp/hard\libgcc.a
LOAD c:/st/stm32cubeide_1.11.2/stm32cubeide/plugins/com.st.stm32cube.ide.mcu.externaltools.gnu-tools-for-stm32.10.3-2021.10.win32_1.0.100.202210260954/tools/bin/../lib/gcc/arm-none-eabi/10.3.1/../../../../arm-none-eabi/lib/thumb/v7e-m+fp/hard\libc_nano.a
LOAD c:/st/stm32cubeide_1.11.2/stm32cubeide/plugins/com.st.stm32cube.ide.mcu.externaltools.gnu-tools-for-stm32.10.3-2021.10.win32_1.0.100.202210260954/tools/bin/../lib/gcc/arm-none-eabi/10.3.1/../../../../arm-none-eabi/lib/thumb/v7e-m+fp/hard\libnosys.a
END GROUP
LOAD c:/st/stm32cubeide_1.11.2/stm32cubeide/plugins/com.st.stm32cube.ide.mcu.externaltools.gnu-tools-for-stm32.10.3-2021.10.win32_1.0.100.202210260954/tools/bin/../lib/gcc/arm-none-eabi/10.3.1/thumb/v7e-m+fp/hard/crtend.o
LOAD c:/st/stm32cubeide_1.11.2/stm32cubeide/plugins/com.st.stm32cube.ide.mcu.externaltools.gnu-tools-for-stm32.10.3-2021.10.win32_1.0.100.202210260954/tools/bin/../lib/gcc/arm-none-eabi/10.3.1/thumb/v7e-m+fp/hard/crtn.o
                0x0000000020018000                _estack = (ORIGIN (RAM) + LENGTH (RAM))
                0x0000000000000200                _Min_Heap_Size = 0x200
                0x0000000000000400                _Min_Stack_Size = 0x400

.isr_vector     0x0000000008000000      0x194
                0x0000000008000000                . = ALIGN (0x4)
 *(.isr_vector)
 .isr_vector    0x0000000008000000      0x194 ./Core/Startup/startup_stm32f401retx.o
                0x0000000008000000                g_pfnVectors
                0x0000000008000194                . = ALIGN (0x4)

.text           0x0000000008000194     0x22a4
                0x0000000008000194                . = ALIGN (0x4)
 *(.text)
 .text          0x0000000008000194       0x40 c:/st/stm32cubeide_1.11.2/stm32cubeide/plugins/com.st.stm32cube.ide.mcu.externaltools.gnu-tools-for-stm32.10.3-2021.10.win32_1.0.100.202210260954/tools/bin/../lib/gcc/arm-none-eabi/10.3.1/thumb/v7e-m+fp/hard/crtbegin.o
 .text          0x00000000080001d4       0x30 c:/st/stm32cubeide_1.11.2/stm32cubeide/plugins/com.st.stm32cube.ide.mcu.externaltools.gnu-tools-for-stm32.10.3-2021.10.win32_1.0.100.202210260954/tools/bin/../lib/gcc/arm-none-eabi/10.3.1/thumb/v7e-m+fp/hard\libgcc.a(_aeabi_uldivmod.o)
                0x00000000080001d4                __aeabi_uldivmod
 .text          0x0000000008000204      0x2d0 c:/st/stm32cubeide_1.11.2/stm32cubeide/plugins/com.st.stm32cube.ide.mcu.externaltools.gnu-tools-for-stm32.10.3-2021.10.win32_1.0.100.202210260954/tools/bin/../lib/gcc/arm-none-eabi/10.3.1/thumb/v7e-m+fp/hard\libgcc.a(_udivmoddi4.o)
                0x0000000008000204                __udivmoddi4
 .text          0x00000000080004d4        0x4 c:/st/stm32cubeide_1.11.2/stm32cubeide/plugins/com.st.stm32cube.ide.mcu.externaltools.gnu-tools-for-stm32.10.3-2021.10.win32_1.0.100.202210260954/tools/bin/../lib/gcc/arm-none-eabi/10.3.1/thumb/v7e-m+fp/hard\libgcc.a(_dvmd_tls.o)
                0x00000000080004d4                __aeabi_idiv0
                0x00000000080004d4                __aeabi_ldiv0
 *(.text*)
 .text.dy_hv20t_init
                0x00000000080004d8       0x9a ./Core/Src/DY_HV20T.o
                0x00000000080004d8                dy_hv20t_init
 *fill*         0x0000000008000572        0x2 
 .text.play_mp3
                0x0000000008000574      0x47c ./Core/Src/DY_HV20T.o
                0x0000000008000574                play_mp3
 .text.main     0x00000000080009f0       0x8c ./Core/Src/main.o
                0x00000000080009f0                main
 .text.SystemClock_Config
                0x0000000008000a7c       0xd8 ./Core/Src/main.o
                0x0000000008000a7c                SystemClock_Config
 .text.MX_USART2_UART_Init
                0x0000000008000b54       0x54 ./Core/Src/main.o
 .text.MX_GPIO_Init
                0x0000000008000ba8      0x150 ./Core/Src/main.o
 .text.Error_Handler
                0x0000000008000cf8        0xa ./Core/Src/main.o
                0x0000000008000cf8                Error_Handler
 *fill*         0x0000000008000d02        0x2 
 .text.HAL_MspInit
                0x0000000008000d04       0x50 ./Core/Src/stm32f4xx_hal_msp.o
                0x0000000008000d04                HAL_MspInit
 .text.HAL_UART_MspInit
                0x0000000008000d54       0x90 ./Core/Src/stm32f4xx_hal_msp.o
                0x0000000008000d54                HAL_UART_MspInit
 .text.NMI_Handler
                0x0000000008000de4        0x6 ./Core/Src/stm32f4xx_it.o
                0x0000000008000de4                NMI_Handler
 .text.HardFault_Handler
                0x0000000008000dea        0x6 ./Core/Src/stm32f4xx_it.o
                0x0000000008000dea                HardFault_Handler
 .text.MemManage_Handler
                0x0000000008000df0        0x6 ./Core/Src/stm32f4xx_it.o
                0x0000000008000df0                MemManage_Handler
 .text.BusFault_Handler
                0x0000000008000df6        0x6 ./Core/Src/stm32f4xx_it.o
                0x0000000008000df6                BusFault_Handler
 .text.UsageFault_Handler
                0x0000000008000dfc        0x6 ./Core/Src/stm32f4xx_it.o
                0x0000000008000dfc                UsageFault_Handler
 .text.SVC_Handler
                0x0000000008000e02        0xe ./Core/Src/stm32f4xx_it.o
                0x0000000008000e02                SVC_Handler
 .text.DebugMon_Handler
                0x0000000008000e10        0xe ./Core/Src/stm32f4xx_it.o
                0x0000000008000e10                DebugMon_Handler
 .text.PendSV_Handler
                0x0000000008000e1e        0xe ./Core/Src/stm32f4xx_it.o
                0x0000000008000e1e                PendSV_Handler
 .text.SysTick_Handler
                0x0000000008000e2c        0xc ./Core/Src/stm32f4xx_it.o
                0x0000000008000e2c                SysTick_Handler
 .text.SystemInit
                0x0000000008000e38       0x24 ./Core/Src/system_stm32f4xx.o
                0x0000000008000e38                SystemInit
 .text.Reset_Handler
                0x0000000008000e5c       0x50 ./Core/Startup/startup_stm32f401retx.o
                0x0000000008000e5c                Reset_Handler
 .text.Default_Handler
                0x0000000008000eac        0x2 ./Core/Startup/startup_stm32f401retx.o
                0x0000000008000eac                RTC_Alarm_IRQHandler
                0x0000000008000eac                EXTI2_IRQHandler
                0x0000000008000eac                SPI4_IRQHandler
                0x0000000008000eac                TIM1_CC_IRQHandler
                0x0000000008000eac                DMA2_Stream5_IRQHandler
                0x0000000008000eac                DMA1_Stream5_IRQHandler
                0x0000000008000eac                PVD_IRQHandler
                0x0000000008000eac                SDIO_IRQHandler
                0x0000000008000eac                TAMP_STAMP_IRQHandler
                0x0000000008000eac                EXTI3_IRQHandler
                0x0000000008000eac                TIM1_UP_TIM10_IRQHandler
                0x0000000008000eac                I2C3_ER_IRQHandler
                0x0000000008000eac                EXTI0_IRQHandler
                0x0000000008000eac                I2C2_EV_IRQHandler
                0x0000000008000eac                DMA1_Stream2_IRQHandler
                0x0000000008000eac                FPU_IRQHandler
                0x0000000008000eac                DMA2_Stream2_IRQHandler
                0x0000000008000eac                SPI1_IRQHandler
                0x0000000008000eac                TIM1_BRK_TIM9_IRQHandler
                0x0000000008000eac                DMA2_Stream3_IRQHandler
                0x0000000008000eac                USART6_IRQHandler
                0x0000000008000eac                DMA2_Stream0_IRQHandler
                0x0000000008000eac                TIM4_IRQHandler
                0x0000000008000eac                I2C1_EV_IRQHandler
                0x0000000008000eac                DMA1_Stream6_IRQHandler
                0x0000000008000eac                DMA1_Stream1_IRQHandler
                0x0000000008000eac                TIM3_IRQHandler
                0x0000000008000eac                RCC_IRQHandler
                0x0000000008000eac                Default_Handler
                0x0000000008000eac                EXTI15_10_IRQHandler
                0x0000000008000eac                ADC_IRQHandler
                0x0000000008000eac                DMA1_Stream7_IRQHandler
                0x0000000008000eac                TIM5_IRQHandler
                0x0000000008000eac                DMA2_Stream7_IRQHandler
                0x0000000008000eac                I2C3_EV_IRQHandler
                0x0000000008000eac                EXTI9_5_IRQHandler
                0x0000000008000eac                RTC_WKUP_IRQHandler
                0x0000000008000eac                SPI2_IRQHandler
                0x0000000008000eac                DMA1_Stream0_IRQHandler
                0x0000000008000eac                EXTI4_IRQHandler
                0x0000000008000eac                WWDG_IRQHandler
                0x0000000008000eac                TIM2_IRQHandler
                0x0000000008000eac                OTG_FS_WKUP_IRQHandler
                0x0000000008000eac                TIM1_TRG_COM_TIM11_IRQHandler
                0x0000000008000eac                EXTI1_IRQHandler
                0x0000000008000eac                USART2_IRQHandler
                0x0000000008000eac                I2C2_ER_IRQHandler
                0x0000000008000eac                DMA2_Stream1_IRQHandler
                0x0000000008000eac                FLASH_IRQHandler
                0x0000000008000eac                DMA2_Stream4_IRQHandler
                0x0000000008000eac                USART1_IRQHandler
                0x0000000008000eac                OTG_FS_IRQHandler
                0x0000000008000eac                SPI3_IRQHandler
                0x0000000008000eac                DMA1_Stream4_IRQHandler
                0x0000000008000eac                I2C1_ER_IRQHandler
                0x0000000008000eac                DMA2_Stream6_IRQHandler
                0x0000000008000eac                DMA1_Stream3_IRQHandler
 *fill*         0x0000000008000eae        0x2 
 .text.HAL_Init
                0x0000000008000eb0       0x44 ./Drivers/STM32F4xx_HAL_Driver/Src/stm32f4xx_hal.o
                0x0000000008000eb0                HAL_Init
 .text.HAL_InitTick
                0x0000000008000ef4       0x60 ./Drivers/STM32F4xx_HAL_Driver/Src/stm32f4xx_hal.o
                0x0000000008000ef4                HAL_InitTick
 .text.HAL_IncTick
                0x0000000008000f54       0x28 ./Drivers/STM32F4xx_HAL_Driver/Src/stm32f4xx_hal.o
                0x0000000008000f54                HAL_IncTick
 .text.HAL_GetTick
                0x0000000008000f7c       0x18 ./Drivers/STM32F4xx_HAL_Driver/Src/stm32f4xx_hal.o
                0x0000000008000f7c                HAL_GetTick
 .text.HAL_Delay
                0x0000000008000f94       0x48 ./Drivers/STM32F4xx_HAL_Driver/Src/stm32f4xx_hal.o
                0x0000000008000f94                HAL_Delay
 .text.__NVIC_SetPriorityGrouping
                0x0000000008000fdc       0x48 ./Drivers/STM32F4xx_HAL_Driver/Src/stm32f4xx_hal_cortex.o
 .text.__NVIC_GetPriorityGrouping
                0x0000000008001024       0x1c ./Drivers/STM32F4xx_HAL_Driver/Src/stm32f4xx_hal_cortex.o
 .text.__NVIC_SetPriority
                0x0000000008001040       0x54 ./Drivers/STM32F4xx_HAL_Driver/Src/stm32f4xx_hal_cortex.o
 .text.NVIC_EncodePriority
                0x0000000008001094       0x66 ./Drivers/STM32F4xx_HAL_Driver/Src/stm32f4xx_hal_cortex.o
 *fill*         0x00000000080010fa        0x2 
 .text.SysTick_Config
                0x00000000080010fc       0x44 ./Drivers/STM32F4xx_HAL_Driver/Src/stm32f4xx_hal_cortex.o
 .text.HAL_NVIC_SetPriorityGrouping
                0x0000000008001140       0x16 ./Drivers/STM32F4xx_HAL_Driver/Src/stm32f4xx_hal_cortex.o
                0x0000000008001140                HAL_NVIC_SetPriorityGrouping
 .text.HAL_NVIC_SetPriority
                0x0000000008001156       0x38 ./Drivers/STM32F4xx_HAL_Driver/Src/stm32f4xx_hal_cortex.o
                0x0000000008001156                HAL_NVIC_SetPriority
 .text.HAL_SYSTICK_Config
                0x000000000800118e       0x18 ./Drivers/STM32F4xx_HAL_Driver/Src/stm32f4xx_hal_cortex.o
                0x000000000800118e                HAL_SYSTICK_Config
 *fill*         0x00000000080011a6        0x2 
 .text.HAL_GPIO_Init
                0x00000000080011a8      0x308 ./Drivers/STM32F4xx_HAL_Driver/Src/stm32f4xx_hal_gpio.o
                0x00000000080011a8                HAL_GPIO_Init
 .text.HAL_GPIO_ReadPin
                0x00000000080014b0       0x30 ./Drivers/STM32F4xx_HAL_Driver/Src/stm32f4xx_hal_gpio.o
                0x00000000080014b0                HAL_GPIO_ReadPin
 .text.HAL_GPIO_WritePin
                0x00000000080014e0       0x32 ./Drivers/STM32F4xx_HAL_Driver/Src/stm32f4xx_hal_gpio.o
                0x00000000080014e0                HAL_GPIO_WritePin
 *fill*         0x0000000008001512        0x2 
 .text.HAL_RCC_OscConfig
                0x0000000008001514      0x4f0 ./Drivers/STM32F4xx_HAL_Driver/Src/stm32f4xx_hal_rcc.o
                0x0000000008001514                HAL_RCC_OscConfig
 .text.HAL_RCC_ClockConfig
                0x0000000008001a04      0x1cc ./Drivers/STM32F4xx_HAL_Driver/Src/stm32f4xx_hal_rcc.o
                0x0000000008001a04                HAL_RCC_ClockConfig
 .text.HAL_RCC_GetSysClockFreq
                0x0000000008001bd0      0x20c ./Drivers/STM32F4xx_HAL_Driver/Src/stm32f4xx_hal_rcc.o
                0x0000000008001bd0                HAL_RCC_GetSysClockFreq
 .text.HAL_RCC_GetHCLKFreq
                0x0000000008001ddc       0x18 ./Drivers/STM32F4xx_HAL_Driver/Src/stm32f4xx_hal_rcc.o
                0x0000000008001ddc                HAL_RCC_GetHCLKFreq
 .text.HAL_RCC_GetPCLK1Freq
                0x0000000008001df4       0x28 ./Drivers/STM32F4xx_HAL_Driver/Src/stm32f4xx_hal_rcc.o
                0x0000000008001df4                HAL_RCC_GetPCLK1Freq
 .text.HAL_RCC_GetPCLK2Freq
                0x0000000008001e1c       0x28 ./Drivers/STM32F4xx_HAL_Driver/Src/stm32f4xx_hal_rcc.o
                0x0000000008001e1c                HAL_RCC_GetPCLK2Freq
 .text.HAL_UART_Init
                0x0000000008001e44       0x9a ./Drivers/STM32F4xx_HAL_Driver/Src/stm32f4xx_hal_uart.o
                0x0000000008001e44                HAL_UART_Init
 *fill*         0x0000000008001ede        0x2 
 .text.UART_SetConfig
                0x0000000008001ee0      0x4e8 ./Drivers/STM32F4xx_HAL_Driver/Src/stm32f4xx_hal_uart.o
 .text.__libc_init_array
                0x00000000080023c8       0x48 c:/st/stm32cubeide_1.11.2/stm32cubeide/plugins/com.st.stm32cube.ide.mcu.externaltools.gnu-tools-for-stm32.10.3-2021.10.win32_1.0.100.202210260954/tools/bin/../lib/gcc/arm-none-eabi/10.3.1/../../../../arm-none-eabi/lib/thumb/v7e-m+fp/hard\libc_nano.a(lib_a-init.o)
                0x00000000080023c8                __libc_init_array
 .text.memset   0x0000000008002410       0x10 c:/st/stm32cubeide_1.11.2/stm32cubeide/plugins/com.st.stm32cube.ide.mcu.externaltools.gnu-tools-for-stm32.10.3-2021.10.win32_1.0.100.202210260954/tools/bin/../lib/gcc/arm-none-eabi/10.3.1/../../../../arm-none-eabi/lib/thumb/v7e-m+fp/hard\libc_nano.a(lib_a-memset.o)
                0x0000000008002410                memset
 *(.glue_7)
 .glue_7        0x0000000008002420        0x0 linker stubs
 *(.glue_7t)
 .glue_7t       0x0000000008002420        0x0 linker stubs
 *(.eh_frame)
 .eh_frame      0x0000000008002420        0x0 c:/st/stm32cubeide_1.11.2/stm32cubeide/plugins/com.st.stm32cube.ide.mcu.externaltools.gnu-tools-for-stm32.10.3-2021.10.win32_1.0.100.202210260954/tools/bin/../lib/gcc/arm-none-eabi/10.3.1/thumb/v7e-m+fp/hard/crtbegin.o
 *(.init)
 .init          0x0000000008002420        0x4 c:/st/stm32cubeide_1.11.2/stm32cubeide/plugins/com.st.stm32cube.ide.mcu.externaltools.gnu-tools-for-stm32.10.3-2021.10.win32_1.0.100.202210260954/tools/bin/../lib/gcc/arm-none-eabi/10.3.1/thumb/v7e-m+fp/hard/crti.o
                0x0000000008002420                _init
 .init          0x0000000008002424        0x8 c:/st/stm32cubeide_1.11.2/stm32cubeide/plugins/com.st.stm32cube.ide.mcu.externaltools.gnu-tools-for-stm32.10.3-2021.10.win32_1.0.100.202210260954/tools/bin/../lib/gcc/arm-none-eabi/10.3.1/thumb/v7e-m+fp/hard/crtn.o
 *(.fini)
 .fini          0x000000000800242c        0x4 c:/st/stm32cubeide_1.11.2/stm32cubeide/plugins/com.st.stm32cube.ide.mcu.externaltools.gnu-tools-for-stm32.10.3-2021.10.win32_1.0.100.202210260954/tools/bin/../lib/gcc/arm-none-eabi/10.3.1/thumb/v7e-m+fp/hard/crti.o
                0x000000000800242c                _fini
 .fini          0x0000000008002430        0x8 c:/st/stm32cubeide_1.11.2/stm32cubeide/plugins/com.st.stm32cube.ide.mcu.externaltools.gnu-tools-for-stm32.10.3-2021.10.win32_1.0.100.202210260954/tools/bin/../lib/gcc/arm-none-eabi/10.3.1/thumb/v7e-m+fp/hard/crtn.o
                0x0000000008002438                . = ALIGN (0x4)
                0x0000000008002438                _etext = .

.vfp11_veneer   0x0000000008002438        0x0
 .vfp11_veneer  0x0000000008002438        0x0 linker stubs

.v4_bx          0x0000000008002438        0x0
 .v4_bx         0x0000000008002438        0x0 linker stubs

.iplt           0x0000000008002438        0x0
 .iplt          0x0000000008002438        0x0 c:/st/stm32cubeide_1.11.2/stm32cubeide/plugins/com.st.stm32cube.ide.mcu.externaltools.gnu-tools-for-stm32.10.3-2021.10.win32_1.0.100.202210260954/tools/bin/../lib/gcc/arm-none-eabi/10.3.1/thumb/v7e-m+fp/hard/crtbegin.o

.rodata         0x0000000008002438       0x18
                0x0000000008002438                . = ALIGN (0x4)
 *(.rodata)
 *(.rodata*)
 .rodata.AHBPrescTable
                0x0000000008002438       0x10 ./Core/Src/system_stm32f4xx.o
                0x0000000008002438                AHBPrescTable
 .rodata.APBPrescTable
                0x0000000008002448        0x8 ./Core/Src/system_stm32f4xx.o
                0x0000000008002448                APBPrescTable
                0x0000000008002450                . = ALIGN (0x4)

.ARM.extab      0x0000000008002450        0x0
                0x0000000008002450                . = ALIGN (0x4)
 *(.ARM.extab* .gnu.linkonce.armextab.*)
                0x0000000008002450                . = ALIGN (0x4)

.ARM            0x0000000008002450        0x8
                0x0000000008002450                . = ALIGN (0x4)
                0x0000000008002450                __exidx_start = .
 *(.ARM.exidx*)
 .ARM.exidx     0x0000000008002450        0x8 c:/st/stm32cubeide_1.11.2/stm32cubeide/plugins/com.st.stm32cube.ide.mcu.externaltools.gnu-tools-for-stm32.10.3-2021.10.win32_1.0.100.202210260954/tools/bin/../lib/gcc/arm-none-eabi/10.3.1/thumb/v7e-m+fp/hard\libgcc.a(_udivmoddi4.o)
                0x0000000008002458                __exidx_end = .
                0x0000000008002458                . = ALIGN (0x4)

.rel.dyn        0x0000000008002458        0x0
 .rel.iplt      0x0000000008002458        0x0 c:/st/stm32cubeide_1.11.2/stm32cubeide/plugins/com.st.stm32cube.ide.mcu.externaltools.gnu-tools-for-stm32.10.3-2021.10.win32_1.0.100.202210260954/tools/bin/../lib/gcc/arm-none-eabi/10.3.1/thumb/v7e-m+fp/hard/crtbegin.o

.preinit_array  0x0000000008002458        0x0
                0x0000000008002458                . = ALIGN (0x4)
                0x0000000008002458                PROVIDE (__preinit_array_start = .)
 *(.preinit_array*)
                0x0000000008002458                PROVIDE (__preinit_array_end = .)
                0x0000000008002458                . = ALIGN (0x4)

.init_array     0x0000000008002458        0x4
                0x0000000008002458                . = ALIGN (0x4)
                0x0000000008002458                PROVIDE (__init_array_start = .)
 *(SORT_BY_NAME(.init_array.*))
 *(.init_array*)
 .init_array    0x0000000008002458        0x4 c:/st/stm32cubeide_1.11.2/stm32cubeide/plugins/com.st.stm32cube.ide.mcu.externaltools.gnu-tools-for-stm32.10.3-2021.10.win32_1.0.100.202210260954/tools/bin/../lib/gcc/arm-none-eabi/10.3.1/thumb/v7e-m+fp/hard/crtbegin.o
                0x000000000800245c                PROVIDE (__init_array_end = .)
                0x000000000800245c                . = ALIGN (0x4)

.fini_array     0x000000000800245c        0x4
                0x000000000800245c                . = ALIGN (0x4)
                [!provide]                        PROVIDE (__fini_array_start = .)
 *(SORT_BY_NAME(.fini_array.*))
 *(.fini_array*)
 .fini_array    0x000000000800245c        0x4 c:/st/stm32cubeide_1.11.2/stm32cubeide/plugins/com.st.stm32cube.ide.mcu.externaltools.gnu-tools-for-stm32.10.3-2021.10.win32_1.0.100.202210260954/tools/bin/../lib/gcc/arm-none-eabi/10.3.1/thumb/v7e-m+fp/hard/crtbegin.o
                [!provide]                        PROVIDE (__fini_array_end = .)
                0x0000000008002460                . = ALIGN (0x4)
                0x0000000008002460                _sidata = LOADADDR (.data)

.data           0x0000000020000000        0xc load address 0x0000000008002460
                0x0000000020000000                . = ALIGN (0x4)
                0x0000000020000000                _sdata = .
 *(.data)
 *(.data*)
 .data.SystemCoreClock
                0x0000000020000000        0x4 ./Core/Src/system_stm32f4xx.o
                0x0000000020000000                SystemCoreClock
 .data.uwTickPrio
                0x0000000020000004        0x4 ./Drivers/STM32F4xx_HAL_Driver/Src/stm32f4xx_hal.o
                0x0000000020000004                uwTickPrio
 .data.uwTickFreq
                0x0000000020000008        0x1 ./Drivers/STM32F4xx_HAL_Driver/Src/stm32f4xx_hal.o
                0x0000000020000008                uwTickFreq
 *(.RamFunc)
 *(.RamFunc*)
                0x000000002000000c                . = ALIGN (0x4)
 *fill*         0x0000000020000009        0x3 
                0x000000002000000c                _edata = .

.igot.plt       0x000000002000000c        0x0 load address 0x000000000800246c
 .igot.plt      0x000000002000000c        0x0 c:/st/stm32cubeide_1.11.2/stm32cubeide/plugins/com.st.stm32cube.ide.mcu.externaltools.gnu-tools-for-stm32.10.3-2021.10.win32_1.0.100.202210260954/tools/bin/../lib/gcc/arm-none-eabi/10.3.1/thumb/v7e-m+fp/hard/crtbegin.o
                0x000000002000000c                . = ALIGN (0x4)

.bss            0x000000002000000c       0xac load address 0x000000000800246c
                0x000000002000000c                _sbss = .
                0x000000002000000c                __bss_start__ = _sbss
 *(.bss)
 .bss           0x000000002000000c       0x1c c:/st/stm32cubeide_1.11.2/stm32cubeide/plugins/com.st.stm32cube.ide.mcu.externaltools.gnu-tools-for-stm32.10.3-2021.10.win32_1.0.100.202210260954/tools/bin/../lib/gcc/arm-none-eabi/10.3.1/thumb/v7e-m+fp/hard/crtbegin.o
 *(.bss*)
 .bss.huart2    0x0000000020000028       0x44 ./Core/Src/main.o
                0x0000000020000028                huart2
 .bss.sound_module
                0x000000002000006c       0x48 ./Core/Src/main.o
                0x000000002000006c                sound_module
 .bss.uwTick    0x00000000200000b4        0x4 ./Drivers/STM32F4xx_HAL_Driver/Src/stm32f4xx_hal.o
                0x00000000200000b4                uwTick
 *(COMMON)
                0x00000000200000b8                . = ALIGN (0x4)
                0x00000000200000b8                _ebss = .
                0x00000000200000b8                __bss_end__ = _ebss

._user_heap_stack
                0x00000000200000b8      0x600 load address 0x000000000800246c
                0x00000000200000b8                . = ALIGN (0x8)
                [!provide]                        PROVIDE (end = .)
                0x00000000200000b8                PROVIDE (_end = .)
                0x00000000200002b8                . = (. + _Min_Heap_Size)
 *fill*         0x00000000200000b8      0x200 
                0x00000000200006b8                . = (. + _Min_Stack_Size)
 *fill*         0x00000000200002b8      0x400 
                0x00000000200006b8                . = ALIGN (0x8)

/DISCARD/
 libc.a(*)
 libm.a(*)
 libgcc.a(*)

.ARM.attributes
                0x0000000000000000       0x30
 *(.ARM.attributes)
 .ARM.attributes
                0x0000000000000000       0x1e c:/st/stm32cubeide_1.11.2/stm32cubeide/plugins/com.st.stm32cube.ide.mcu.externaltools.gnu-tools-for-stm32.10.3-2021.10.win32_1.0.100.202210260954/tools/bin/../lib/gcc/arm-none-eabi/10.3.1/thumb/v7e-m+fp/hard/crti.o
 .ARM.attributes
                0x000000000000001e       0x34 c:/st/stm32cubeide_1.11.2/stm32cubeide/plugins/com.st.stm32cube.ide.mcu.externaltools.gnu-tools-for-stm32.10.3-2021.10.win32_1.0.100.202210260954/tools/bin/../lib/gcc/arm-none-eabi/10.3.1/thumb/v7e-m+fp/hard/crtbegin.o
 .ARM.attributes
                0x0000000000000052       0x34 ./Core/Src/DY_HV20T.o
 .ARM.attributes
                0x0000000000000086       0x34 ./Core/Src/main.o
 .ARM.attributes
                0x00000000000000ba       0x34 ./Core/Src/stm32f4xx_hal_msp.o
 .ARM.attributes
                0x00000000000000ee       0x34 ./Core/Src/stm32f4xx_it.o
 .ARM.attributes
                0x0000000000000122       0x34 ./Core/Src/system_stm32f4xx.o
 .ARM.attributes
                0x0000000000000156       0x21 ./Core/Startup/startup_stm32f401retx.o
 .ARM.attributes
                0x0000000000000177       0x34 ./Drivers/STM32F4xx_HAL_Driver/Src/stm32f4xx_hal.o
 .ARM.attributes
                0x00000000000001ab       0x34 ./Drivers/STM32F4xx_HAL_Driver/Src/stm32f4xx_hal_cortex.o
 .ARM.attributes
                0x00000000000001df       0x34 ./Drivers/STM32F4xx_HAL_Driver/Src/stm32f4xx_hal_gpio.o
 .ARM.attributes
                0x0000000000000213       0x34 ./Drivers/STM32F4xx_HAL_Driver/Src/stm32f4xx_hal_rcc.o
 .ARM.attributes
                0x0000000000000247       0x34 ./Drivers/STM32F4xx_HAL_Driver/Src/stm32f4xx_hal_uart.o
 .ARM.attributes
                0x000000000000027b       0x34 c:/st/stm32cubeide_1.11.2/stm32cubeide/plugins/com.st.stm32cube.ide.mcu.externaltools.gnu-tools-for-stm32.10.3-2021.10.win32_1.0.100.202210260954/tools/bin/../lib/gcc/arm-none-eabi/10.3.1/../../../../arm-none-eabi/lib/thumb/v7e-m+fp/hard\libc_nano.a(lib_a-init.o)
 .ARM.attributes
                0x00000000000002af       0x34 c:/st/stm32cubeide_1.11.2/stm32cubeide/plugins/com.st.stm32cube.ide.mcu.externaltools.gnu-tools-for-stm32.10.3-2021.10.win32_1.0.100.202210260954/tools/bin/../lib/gcc/arm-none-eabi/10.3.1/../../../../arm-none-eabi/lib/thumb/v7e-m+fp/hard\libc_nano.a(lib_a-memset.o)
 .ARM.attributes
                0x00000000000002e3       0x1e c:/st/stm32cubeide_1.11.2/stm32cubeide/plugins/com.st.stm32cube.ide.mcu.externaltools.gnu-tools-for-stm32.10.3-2021.10.win32_1.0.100.202210260954/tools/bin/../lib/gcc/arm-none-eabi/10.3.1/thumb/v7e-m+fp/hard\libgcc.a(_aeabi_uldivmod.o)
 .ARM.attributes
                0x0000000000000301       0x34 c:/st/stm32cubeide_1.11.2/stm32cubeide/plugins/com.st.stm32cube.ide.mcu.externaltools.gnu-tools-for-stm32.10.3-2021.10.win32_1.0.100.202210260954/tools/bin/../lib/gcc/arm-none-eabi/10.3.1/thumb/v7e-m+fp/hard\libgcc.a(_udivmoddi4.o)
 .ARM.attributes
                0x0000000000000335       0x1e c:/st/stm32cubeide_1.11.2/stm32cubeide/plugins/com.st.stm32cube.ide.mcu.externaltools.gnu-tools-for-stm32.10.3-2021.10.win32_1.0.100.202210260954/tools/bin/../lib/gcc/arm-none-eabi/10.3.1/thumb/v7e-m+fp/hard\libgcc.a(_dvmd_tls.o)
 .ARM.attributes
                0x0000000000000353       0x1e c:/st/stm32cubeide_1.11.2/stm32cubeide/plugins/com.st.stm32cube.ide.mcu.externaltools.gnu-tools-for-stm32.10.3-2021.10.win32_1.0.100.202210260954/tools/bin/../lib/gcc/arm-none-eabi/10.3.1/thumb/v7e-m+fp/hard/crtn.o
OUTPUT(STM32_DY-HV20T.elf elf32-littlearm)
LOAD linker stubs
LOAD c:/st/stm32cubeide_1.11.2/stm32cubeide/plugins/com.st.stm32cube.ide.mcu.externaltools.gnu-tools-for-stm32.10.3-2021.10.win32_1.0.100.202210260954/tools/bin/../lib/gcc/arm-none-eabi/10.3.1/../../../../arm-none-eabi/lib/thumb/v7e-m+fp/hard\libc.a
LOAD c:/st/stm32cubeide_1.11.2/stm32cubeide/plugins/com.st.stm32cube.ide.mcu.externaltools.gnu-tools-for-stm32.10.3-2021.10.win32_1.0.100.202210260954/tools/bin/../lib/gcc/arm-none-eabi/10.3.1/../../../../arm-none-eabi/lib/thumb/v7e-m+fp/hard\libm.a
LOAD c:/st/stm32cubeide_1.11.2/stm32cubeide/plugins/com.st.stm32cube.ide.mcu.externaltools.gnu-tools-for-stm32.10.3-2021.10.win32_1.0.100.202210260954/tools/bin/../lib/gcc/arm-none-eabi/10.3.1/thumb/v7e-m+fp/hard\libgcc.a

.debug_info     0x0000000000000000     0x7d26
 .debug_info    0x0000000000000000      0x506 ./Core/Src/DY_HV20T.o
 .debug_info    0x0000000000000506      0xe93 ./Core/Src/main.o
 .debug_info    0x0000000000001399      0x9a2 ./Core/Src/stm32f4xx_hal_msp.o
 .debug_info    0x0000000000001d3b      0x121 ./Core/Src/stm32f4xx_it.o
 .debug_info    0x0000000000001e5c      0x54f ./Core/Src/system_stm32f4xx.o
 .debug_info    0x00000000000023ab       0x22 ./Core/Startup/startup_stm32f401retx.o
 .debug_info    0x00000000000023cd      0x906 ./Drivers/STM32F4xx_HAL_Driver/Src/stm32f4xx_hal.o
 .debug_info    0x0000000000002cd3      0xd85 ./Drivers/STM32F4xx_HAL_Driver/Src/stm32f4xx_hal_cortex.o
 .debug_info    0x0000000000003a58      0x78e ./Drivers/STM32F4xx_HAL_Driver/Src/stm32f4xx_hal_gpio.o
 .debug_info    0x00000000000041e6      0x98c ./Drivers/STM32F4xx_HAL_Driver/Src/stm32f4xx_hal_rcc.o
 .debug_info    0x0000000000004b72     0x31b4 ./Drivers/STM32F4xx_HAL_Driver/Src/stm32f4xx_hal_uart.o

.debug_abbrev   0x0000000000000000     0x13a2
 .debug_abbrev  0x0000000000000000      0x154 ./Core/Src/DY_HV20T.o
 .debug_abbrev  0x0000000000000154      0x23b ./Core/Src/main.o
 .debug_abbrev  0x000000000000038f      0x1b0 ./Core/Src/stm32f4xx_hal_msp.o
 .debug_abbrev  0x000000000000053f       0x74 ./Core/Src/stm32f4xx_it.o
 .debug_abbrev  0x00000000000005b3      0x116 ./Core/Src/system_stm32f4xx.o
 .debug_abbrev  0x00000000000006c9       0x12 ./Core/Startup/startup_stm32f401retx.o
 .debug_abbrev  0x00000000000006db      0x23e ./Drivers/STM32F4xx_HAL_Driver/Src/stm32f4xx_hal.o
 .debug_abbrev  0x0000000000000919      0x316 ./Drivers/STM32F4xx_HAL_Driver/Src/stm32f4xx_hal_cortex.o
 .debug_abbrev  0x0000000000000c2f      0x1c4 ./Drivers/STM32F4xx_HAL_Driver/Src/stm32f4xx_hal_gpio.o
 .debug_abbrev  0x0000000000000df3      0x2aa ./Drivers/STM32F4xx_HAL_Driver/Src/stm32f4xx_hal_rcc.o
 .debug_abbrev  0x000000000000109d      0x305 ./Drivers/STM32F4xx_HAL_Driver/Src/stm32f4xx_hal_uart.o

.debug_aranges  0x0000000000000000      0x638
 .debug_aranges
                0x0000000000000000       0x30 ./Core/Src/DY_HV20T.o
 .debug_aranges
                0x0000000000000030       0x40 ./Core/Src/main.o
 .debug_aranges
                0x0000000000000070       0x30 ./Core/Src/stm32f4xx_hal_msp.o
 .debug_aranges
                0x00000000000000a0       0x60 ./Core/Src/stm32f4xx_it.o
 .debug_aranges
                0x0000000000000100       0x28 ./Core/Src/system_stm32f4xx.o
 .debug_aranges
                0x0000000000000128       0x28 ./Core/Startup/startup_stm32f401retx.o
 .debug_aranges
                0x0000000000000150       0xf0 ./Drivers/STM32F4xx_HAL_Driver/Src/stm32f4xx_hal.o
 .debug_aranges
                0x0000000000000240      0x118 ./Drivers/STM32F4xx_HAL_Driver/Src/stm32f4xx_hal_cortex.o
 .debug_aranges
                0x0000000000000358       0x58 ./Drivers/STM32F4xx_HAL_Driver/Src/stm32f4xx_hal_gpio.o
 .debug_aranges
                0x00000000000003b0       0x88 ./Drivers/STM32F4xx_HAL_Driver/Src/stm32f4xx_hal_rcc.o
 .debug_aranges
                0x0000000000000438      0x200 ./Drivers/STM32F4xx_HAL_Driver/Src/stm32f4xx_hal_uart.o

.debug_ranges   0x0000000000000000      0x5c0
 .debug_ranges  0x0000000000000000       0x20 ./Core/Src/DY_HV20T.o
 .debug_ranges  0x0000000000000020       0x30 ./Core/Src/main.o
 .debug_ranges  0x0000000000000050       0x20 ./Core/Src/stm32f4xx_hal_msp.o
 .debug_ranges  0x0000000000000070       0x50 ./Core/Src/stm32f4xx_it.o
 .debug_ranges  0x00000000000000c0       0x18 ./Core/Src/system_stm32f4xx.o
 .debug_ranges  0x00000000000000d8       0x20 ./Core/Startup/startup_stm32f401retx.o
 .debug_ranges  0x00000000000000f8       0xe0 ./Drivers/STM32F4xx_HAL_Driver/Src/stm32f4xx_hal.o
 .debug_ranges  0x00000000000001d8      0x108 ./Drivers/STM32F4xx_HAL_Driver/Src/stm32f4xx_hal_cortex.o
 .debug_ranges  0x00000000000002e0       0x48 ./Drivers/STM32F4xx_HAL_Driver/Src/stm32f4xx_hal_gpio.o
 .debug_ranges  0x0000000000000328       0x78 ./Drivers/STM32F4xx_HAL_Driver/Src/stm32f4xx_hal_rcc.o
 .debug_ranges  0x00000000000003a0      0x220 ./Drivers/STM32F4xx_HAL_Driver/Src/stm32f4xx_hal_uart.o

.debug_macro    0x0000000000000000    0x14900
 .debug_macro   0x0000000000000000      0x1c4 ./Core/Src/DY_HV20T.o
 .debug_macro   0x00000000000001c4      0xa78 ./Core/Src/DY_HV20T.o
 .debug_macro   0x0000000000000c3c       0x2e ./Core/Src/DY_HV20T.o
 .debug_macro   0x0000000000000c6a       0x28 ./Core/Src/DY_HV20T.o
 .debug_macro   0x0000000000000c92       0x22 ./Core/Src/DY_HV20T.o
 .debug_macro   0x0000000000000cb4       0x8e ./Core/Src/DY_HV20T.o
 .debug_macro   0x0000000000000d42       0x51 ./Core/Src/DY_HV20T.o
 .debug_macro   0x0000000000000d93      0x103 ./Core/Src/DY_HV20T.o
 .debug_macro   0x0000000000000e96       0x6a ./Core/Src/DY_HV20T.o
 .debug_macro   0x0000000000000f00      0x1df ./Core/Src/DY_HV20T.o
 .debug_macro   0x00000000000010df       0x1c ./Core/Src/DY_HV20T.o
 .debug_macro   0x00000000000010fb       0x22 ./Core/Src/DY_HV20T.o
 .debug_macro   0x000000000000111d       0xd9 ./Core/Src/DY_HV20T.o
 .debug_macro   0x00000000000011f6     0x102d ./Core/Src/DY_HV20T.o
 .debug_macro   0x0000000000002223      0x11f ./Core/Src/DY_HV20T.o
 .debug_macro   0x0000000000002342     0xb86c ./Core/Src/DY_HV20T.o
 .debug_macro   0x000000000000dbae       0x6d ./Core/Src/DY_HV20T.o
 .debug_macro   0x000000000000dc1b      0x295 ./Core/Src/DY_HV20T.o
 .debug_macro   0x000000000000deb0     0x367e ./Core/Src/DY_HV20T.o
 .debug_macro   0x000000000001152e      0x174 ./Core/Src/DY_HV20T.o
 .debug_macro   0x00000000000116a2       0x5c ./Core/Src/DY_HV20T.o
 .debug_macro   0x00000000000116fe      0x416 ./Core/Src/DY_HV20T.o
 .debug_macro   0x0000000000011b14      0x9fe ./Core/Src/DY_HV20T.o
 .debug_macro   0x0000000000012512      0x115 ./Core/Src/DY_HV20T.o
 .debug_macro   0x0000000000012627       0xf8 ./Core/Src/DY_HV20T.o
 .debug_macro   0x000000000001271f       0xa5 ./Core/Src/DY_HV20T.o
 .debug_macro   0x00000000000127c4      0x15f ./Core/Src/DY_HV20T.o
 .debug_macro   0x0000000000012923      0x287 ./Core/Src/DY_HV20T.o
 .debug_macro   0x0000000000012baa       0x5f ./Core/Src/DY_HV20T.o
 .debug_macro   0x0000000000012c09      0x236 ./Core/Src/DY_HV20T.o
 .debug_macro   0x0000000000012e3f      0x132 ./Core/Src/DY_HV20T.o
 .debug_macro   0x0000000000012f71      0x264 ./Core/Src/DY_HV20T.o
 .debug_macro   0x00000000000131d5       0x2e ./Core/Src/DY_HV20T.o
 .debug_macro   0x0000000000013203      0x11a ./Core/Src/DY_HV20T.o
 .debug_macro   0x000000000001331d       0x85 ./Core/Src/DY_HV20T.o
 .debug_macro   0x00000000000133a2       0x89 ./Core/Src/DY_HV20T.o
 .debug_macro   0x000000000001342b      0x295 ./Core/Src/DY_HV20T.o
 .debug_macro   0x00000000000136c0      0x126 ./Core/Src/DY_HV20T.o
 .debug_macro   0x00000000000137e6      0x1d3 ./Core/Src/main.o
 .debug_macro   0x00000000000139b9       0xc4 ./Core/Src/main.o
 .debug_macro   0x0000000000013a7d      0x1c9 ./Core/Src/stm32f4xx_hal_msp.o
 .debug_macro   0x0000000000013c46      0x1d3 ./Core/Src/stm32f4xx_it.o
 .debug_macro   0x0000000000013e19      0x1ba ./Core/Src/system_stm32f4xx.o
 .debug_macro   0x0000000000013fd3      0x21a ./Drivers/STM32F4xx_HAL_Driver/Src/stm32f4xx_hal.o
 .debug_macro   0x00000000000141ed      0x1ba ./Drivers/STM32F4xx_HAL_Driver/Src/stm32f4xx_hal_cortex.o
 .debug_macro   0x00000000000143a7      0x1c0 ./Drivers/STM32F4xx_HAL_Driver/Src/stm32f4xx_hal_gpio.o
 .debug_macro   0x0000000000014567      0x1de ./Drivers/STM32F4xx_HAL_Driver/Src/stm32f4xx_hal_rcc.o
 .debug_macro   0x0000000000014745      0x1bb ./Drivers/STM32F4xx_HAL_Driver/Src/stm32f4xx_hal_uart.o

.debug_line     0x0000000000000000     0x7c60
 .debug_line    0x0000000000000000      0x76e ./Core/Src/DY_HV20T.o
 .debug_line    0x000000000000076e      0x7b7 ./Core/Src/main.o
 .debug_line    0x0000000000000f25      0x6e0 ./Core/Src/stm32f4xx_hal_msp.o
 .debug_line    0x0000000000001605      0x755 ./Core/Src/stm32f4xx_it.o
 .debug_line    0x0000000000001d5a      0x714 ./Core/Src/system_stm32f4xx.o
 .debug_line    0x000000000000246e       0x88 ./Core/Startup/startup_stm32f401retx.o
 .debug_line    0x00000000000024f6      0x97a ./Drivers/STM32F4xx_HAL_Driver/Src/stm32f4xx_hal.o
 .debug_line    0x0000000000002e70      0xc29 ./Drivers/STM32F4xx_HAL_Driver/Src/stm32f4xx_hal_cortex.o
 .debug_line    0x0000000000003a99      0xab2 ./Drivers/STM32F4xx_HAL_Driver/Src/stm32f4xx_hal_gpio.o
 .debug_line    0x000000000000454b      0xcf6 ./Drivers/STM32F4xx_HAL_Driver/Src/stm32f4xx_hal_rcc.o
 .debug_line    0x0000000000005241     0x2a1f ./Drivers/STM32F4xx_HAL_Driver/Src/stm32f4xx_hal_uart.o

.debug_str      0x0000000000000000    0x80f3e
 .debug_str     0x0000000000000000    0x7ec89 ./Core/Src/DY_HV20T.o
                                      0x7eef2 (size before relaxing)
 .debug_str     0x000000000007ec89      0x9f0 ./Core/Src/main.o
                                      0x7f8ff (size before relaxing)
 .debug_str     0x000000000007f679       0x83 ./Core/Src/stm32f4xx_hal_msp.o
                                      0x7f5a8 (size before relaxing)
 .debug_str     0x000000000007f6fc       0xc9 ./Core/Src/stm32f4xx_it.o
                                      0x7f008 (size before relaxing)
 .debug_str     0x000000000007f7c5       0xdb ./Core/Src/system_stm32f4xx.o
                                      0x7eeaa (size before relaxing)
 .debug_str     0x000000000007f8a0       0x36 ./Core/Startup/startup_stm32f401retx.o
                                         0x56 (size before relaxing)
 .debug_str     0x000000000007f8d6      0x991 ./Drivers/STM32F4xx_HAL_Driver/Src/stm32f4xx_hal.o
                                      0x7f8cc (size before relaxing)
 .debug_str     0x0000000000080267      0x354 ./Drivers/STM32F4xx_HAL_Driver/Src/stm32f4xx_hal_cortex.o
                                      0x7f5ed (size before relaxing)
 .debug_str     0x00000000000805bb      0x101 ./Drivers/STM32F4xx_HAL_Driver/Src/stm32f4xx_hal_gpio.o
                                      0x7f025 (size before relaxing)
 .debug_str     0x00000000000806bc      0x233 ./Drivers/STM32F4xx_HAL_Driver/Src/stm32f4xx_hal_rcc.o
                                      0x7f2de (size before relaxing)
 .debug_str     0x00000000000808ef      0x64f ./Drivers/STM32F4xx_HAL_Driver/Src/stm32f4xx_hal_uart.o
                                      0x7f86b (size before relaxing)

.comment        0x0000000000000000       0x50
 .comment       0x0000000000000000       0x50 ./Core/Src/DY_HV20T.o
                                         0x51 (size before relaxing)
 .comment       0x0000000000000050       0x51 ./Core/Src/main.o
 .comment       0x0000000000000050       0x51 ./Core/Src/stm32f4xx_hal_msp.o
 .comment       0x0000000000000050       0x51 ./Core/Src/stm32f4xx_it.o
 .comment       0x0000000000000050       0x51 ./Core/Src/system_stm32f4xx.o
 .comment       0x0000000000000050       0x51 ./Drivers/STM32F4xx_HAL_Driver/Src/stm32f4xx_hal.o
 .comment       0x0000000000000050       0x51 ./Drivers/STM32F4xx_HAL_Driver/Src/stm32f4xx_hal_cortex.o
 .comment       0x0000000000000050       0x51 ./Drivers/STM32F4xx_HAL_Driver/Src/stm32f4xx_hal_gpio.o
 .comment       0x0000000000000050       0x51 ./Drivers/STM32F4xx_HAL_Driver/Src/stm32f4xx_hal_rcc.o
 .comment       0x0000000000000050       0x51 ./Drivers/STM32F4xx_HAL_Driver/Src/stm32f4xx_hal_uart.o

.debug_frame    0x0000000000000000     0x182c
 .debug_frame   0x0000000000000000       0x84 ./Core/Src/DY_HV20T.o
 .debug_frame   0x0000000000000084       0xac ./Core/Src/main.o
 .debug_frame   0x0000000000000130       0x7c ./Core/Src/stm32f4xx_hal_msp.o
 .debug_frame   0x00000000000001ac      0x104 ./Core/Src/stm32f4xx_it.o
 .debug_frame   0x00000000000002b0       0x58 ./Core/Src/system_stm32f4xx.o
 .debug_frame   0x0000000000000308      0x374 ./Drivers/STM32F4xx_HAL_Driver/Src/stm32f4xx_hal.o
 .debug_frame   0x000000000000067c      0x498 ./Drivers/STM32F4xx_HAL_Driver/Src/stm32f4xx_hal_cortex.o
 .debug_frame   0x0000000000000b14      0x14c ./Drivers/STM32F4xx_HAL_Driver/Src/stm32f4xx_hal_gpio.o
 .debug_frame   0x0000000000000c60      0x1f4 ./Drivers/STM32F4xx_HAL_Driver/Src/stm32f4xx_hal_rcc.o
 .debug_frame   0x0000000000000e54      0x92c ./Drivers/STM32F4xx_HAL_Driver/Src/stm32f4xx_hal_uart.o
 .debug_frame   0x0000000000001780       0x2c c:/st/stm32cubeide_1.11.2/stm32cubeide/plugins/com.st.stm32cube.ide.mcu.externaltools.gnu-tools-for-stm32.10.3-2021.10.win32_1.0.100.202210260954/tools/bin/../lib/gcc/arm-none-eabi/10.3.1/../../../../arm-none-eabi/lib/thumb/v7e-m+fp/hard\libc_nano.a(lib_a-init.o)
 .debug_frame   0x00000000000017ac       0x20 c:/st/stm32cubeide_1.11.2/stm32cubeide/plugins/com.st.stm32cube.ide.mcu.externaltools.gnu-tools-for-stm32.10.3-2021.10.win32_1.0.100.202210260954/tools/bin/../lib/gcc/arm-none-eabi/10.3.1/../../../../arm-none-eabi/lib/thumb/v7e-m+fp/hard\libc_nano.a(lib_a-memset.o)
 .debug_frame   0x00000000000017cc       0x2c c:/st/stm32cubeide_1.11.2/stm32cubeide/plugins/com.st.stm32cube.ide.mcu.externaltools.gnu-tools-for-stm32.10.3-2021.10.win32_1.0.100.202210260954/tools/bin/../lib/gcc/arm-none-eabi/10.3.1/thumb/v7e-m+fp/hard\libgcc.a(_aeabi_uldivmod.o)
 .debug_frame   0x00000000000017f8       0x34 c:/st/stm32cubeide_1.11.2/stm32cubeide/plugins/com.st.stm32cube.ide.mcu.externaltools.gnu-tools-for-stm32.10.3-2021.10.win32_1.0.100.202210260954/tools/bin/../lib/gcc/arm-none-eabi/10.3.1/thumb/v7e-m+fp/hard\libgcc.a(_udivmoddi4.o)
